// Jest Snapshot v1, https://goo.gl/fbAQLP

exports[`Navigation component renders Navigation 1`] = `
<DocumentFragment>
  <div />
</DocumentFragment>
`;
